// Jest Snapshot v1, https://goo.gl/fbAQLP

exports[`Cart Element equals its snaphot 1`] = `
<div
  className="makeStyles-root-1"
>
  <div
    className="MuiPaper-root makeStyles-paper-2 MuiPaper-elevation1 MuiPaper-rounded"
  >
    <div
      className="MuiGrid-root MuiGrid-container MuiGrid-spacing-xs-2"
    >
      <div
        className="MuiGrid-root MuiGrid-item"
      >
        <div
          className="makeStyles-image-3"
        >
          <img
            alt="A Product"
            className="makeStyles-img-4"
            src="/uploads/california.jpg"
          />
        </div>
        <div>
          <div
            className="MuiButtonGroup-root"
            role="group"
          >
            <button
              aria-label="reduce"
              className="MuiButtonBase-root MuiButton-root MuiButton-outlined MuiButtonGroup-grouped MuiButtonGroup-groupedHorizontal MuiButtonGroup-groupedOutlined MuiButtonGroup-groupedOutlinedHorizontal MuiButtonGroup-groupedOutlined"
              disabled={false}
              onBlur={[Function]}
              onClick={[Function]}
              onDragLeave={[Function]}
              onFocus={[Function]}
              onKeyDown={[Function]}
              onKeyUp={[Function]}
              onMouseDown={[Function]}
              onMouseLeave={[Function]}
              onMouseUp={[Function]}
              onTouchEnd={[Function]}
              onTouchMove={[Function]}
              onTouchStart={[Function]}
              tabIndex={0}
              type="button"
            >
              <span
                className="MuiButton-label"
              >
                <svg
                  aria-hidden="true"
                  className="MuiSvgIcon-root MuiSvgIcon-fontSizeSmall"
                  focusable="false"
                  role="presentation"
                  viewBox="0 0 24 24"
                >
                  <path
                    d="M19 13H5v-2h14v2z"
                  />
                </svg>
              </span>
            </button>
            <button
              aria-label="increase"
              className="MuiButtonBase-root MuiButton-root MuiButton-outlined MuiButtonGroup-grouped MuiButtonGroup-groupedHorizontal MuiButtonGroup-groupedOutlined MuiButtonGroup-groupedOutlinedHorizontal MuiButtonGroup-groupedOutlined"
              disabled={false}
              onBlur={[Function]}
              onClick={[Function]}
              onDragLeave={[Function]}
              onFocus={[Function]}
              onKeyDown={[Function]}
              onKeyUp={[Function]}
              onMouseDown={[Function]}
              onMouseLeave={[Function]}
              onMouseUp={[Function]}
              onTouchEnd={[Function]}
              onTouchMove={[Function]}
              onTouchStart={[Function]}
              tabIndex={0}
              type="button"
            >
              <span
                className="MuiButton-label"
              >
                <svg
                  aria-hidden="true"
                  className="MuiSvgIcon-root MuiSvgIcon-fontSizeSmall"
                  focusable="false"
                  role="presentation"
                  viewBox="0 0 24 24"
                >
                  <path
                    d="M19 13h-6v6h-2v-6H5v-2h6V5h2v6h6v2z"
                  />
                </svg>
              </span>
            </button>
          </div>
        </div>
      </div>
      <div
        className="MuiGrid-root MuiGrid-container MuiGrid-item MuiGrid-grid-xs-12 MuiGrid-grid-sm-true"
      >
        <div
          className="MuiGrid-root MuiGrid-container MuiGrid-spacing-xs-2 MuiGrid-item MuiGrid-direction-xs-column MuiGrid-grid-xs-true"
        >
          <div
            className="MuiGrid-root MuiGrid-item MuiGrid-grid-xs-true"
          >
            <h6
              className="MuiTypography-root MuiTypography-subtitle1 MuiTypography-gutterBottom"
            >
              A Product
            </h6>
            <p
              className="MuiTypography-root MuiTypography-body2 MuiTypography-gutterBottom"
            >
              1
               x $
              10
               = $
              10.00
            </p>
          </div>
          <div
            className="MuiGrid-root MuiGrid-item"
          >
            <button
              className="MuiButtonBase-root MuiButton-root MuiButton-outlined"
              disabled={false}
              onBlur={[Function]}
              onClick={[Function]}
              onDragLeave={[Function]}
              onFocus={[Function]}
              onKeyDown={[Function]}
              onKeyUp={[Function]}
              onMouseDown={[Function]}
              onMouseLeave={[Function]}
              onMouseUp={[Function]}
              onTouchEnd={[Function]}
              onTouchMove={[Function]}
              onTouchStart={[Function]}
              tabIndex={0}
              type="button"
            >
              <span
                className="MuiButton-label"
              >
                Remove
              </span>
            </button>
          </div>
        </div>
        <div
          className="MuiGrid-root MuiGrid-item"
        >
          <h6
            className="MuiTypography-root MuiTypography-subtitle1"
          >
            $
            10.00
          </h6>
        </div>
      </div>
    </div>
  </div>
</div>
`;
