// Jest Snapshot v1, https://goo.gl/fbAQLP

exports[`Header equals its snaphot 1`] = `
<div
  className="makeStyles-root-1"
>
  <header
    className="MuiPaper-root MuiAppBar-root MuiAppBar-positionStatic MuiAppBar-colorPrimary MuiPaper-elevation4"
  >
    <div
      className="MuiToolbar-root MuiToolbar-regular makeStyles-toolbar-3 MuiToolbar-gutters"
    >
      <div
        className="MuiAvatar-root MuiAvatar-circle makeStyles-logo-4"
      >
        <img
          alt="Ninja Pizza!"
          className="MuiAvatar-img"
          src="ninja.gif"
        />
      </div>
      <h6
        className="MuiTypography-root MuiTypography-h6"
      >
        Ninja Pizza!
      </h6>
      <button
        className="MuiButtonBase-root MuiButton-root MuiButton-text MuiButton-colorInherit"
        disabled={false}
        onBlur={[Function]}
        onDragLeave={[Function]}
        onFocus={[Function]}
        onKeyDown={[Function]}
        onKeyUp={[Function]}
        onMouseDown={[Function]}
        onMouseLeave={[Function]}
        onMouseUp={[Function]}
        onTouchEnd={[Function]}
        onTouchMove={[Function]}
        onTouchStart={[Function]}
        tabIndex={0}
        type="button"
      >
        <span
          className="MuiButton-label"
        >
          Login
        </span>
      </button>
    </div>
  </header>
</div>
`;
